// Jest Snapshot v1, https://goo.gl/fbAQLP

exports[`openAPI build spec 1`] = `
{
  "components": {
    "securitySchemes": {
      "bearerAuth": {
        "scheme": "bearer",
        "type": "http",
      },
    },
  },
  "info": {
    "title": "Title",
    "version": "1.0.0",
  },
  "openapi": "3.0.3",
  "paths": {
    "/api/auth/auth_user/login": {
      "post": {
        "parameters": [],
        "requestBody": {
          "content": {
            "application/json": {
              "schema": {
                "properties": {
                  "password": {
                    "type": "string",
                  },
                  "username": {
                    "type": "string",
                  },
                },
                "required": [
                  "username",
                  "password",
                ],
                "type": "object",
              },
            },
          },
        },
        "responses": {
          "200": {
            "content": {
              "application/json": {
                "schema": {
                  "properties": {},
                  "required": [],
                  "type": "object",
                },
              },
            },
            "description": "Successful response",
          },
          "400": {
            "content": {
              "application/json": {
                "schema": {
                  "properties": {
                    "code": {
                      "enum": [
                        "ERROR_CODE_VALIDATION",
                      ],
                      "type": "string",
                    },
                    "data": {
                      "type": "object",
                    },
                    "message": {
                      "enum": [
                        "Validation error",
                      ],
                      "type": "string",
                    },
                  },
                  "type": "object",
                },
              },
            },
            "description": "Validation error",
          },
        },
        "tags": [
          "Auth",
        ],
      },
    },
    "/api/auth/auth_user/logout": {
      "post": {
        "parameters": [],
        "requestBody": {
          "content": {
            "application/json": {
              "schema": {
                "properties": {},
                "type": "object",
              },
            },
          },
        },
        "responses": {
          "200": {
            "content": {
              "application/json": {
                "schema": {
                  "properties": {},
                  "required": [],
                  "type": "object",
                },
              },
            },
            "description": "Successful response",
          },
          "400": {
            "content": {
              "application/json": {
                "schema": {
                  "properties": {
                    "code": {
                      "enum": [
                        "ERROR_CODE_VALIDATION",
                      ],
                      "type": "string",
                    },
                    "data": {
                      "type": "object",
                    },
                    "message": {
                      "enum": [
                        "Validation error",
                      ],
                      "type": "string",
                    },
                  },
                  "type": "object",
                },
              },
            },
            "description": "Validation error",
          },
        },
        "tags": [
          "Auth",
        ],
      },
    },
    "/api/auth/auth_user/register": {
      "post": {
        "parameters": [],
        "requestBody": {
          "content": {
            "application/json": {
              "schema": {
                "properties": {
                  "authUser": {
                    "properties": {
                      "name": {
                        "type": "string",
                      },
                      "username": {
                        "type": "string",
                      },
                    },
                    "required": [
                      "name",
                      "username",
                    ],
                    "type": "object",
                  },
                  "password": {
                    "type": "string",
                  },
                },
                "required": [
                  "authUser",
                  "password",
                ],
                "type": "object",
              },
            },
          },
        },
        "responses": {
          "200": {
            "content": {
              "application/json": {
                "schema": {
                  "properties": {},
                  "required": [],
                  "type": "object",
                },
              },
            },
            "description": "Successful response",
          },
          "400": {
            "content": {
              "application/json": {
                "schema": {
                  "properties": {
                    "code": {
                      "enum": [
                        "ERROR_CODE_VALIDATION",
                      ],
                      "type": "string",
                    },
                    "data": {
                      "type": "object",
                    },
                    "message": {
                      "enum": [
                        "Validation error",
                      ],
                      "type": "string",
                    },
                  },
                  "type": "object",
                },
              },
            },
            "description": "Validation error",
          },
        },
        "tags": [
          "Auth",
        ],
      },
    },
    "/api/test/org": {
      "get": {
        "parameters": [
          {
            "in": "query",
            "name": "pageSize",
            "required": false,
            "schema": {
              "type": "integer",
            },
          },
          {
            "in": "query",
            "name": "page",
            "required": false,
            "schema": {
              "type": "integer",
            },
          },
        ],
        "responses": {
          "200": {
            "content": {
              "application/json": {
                "schema": {
                  "properties": {
                    "data": {
                      "items": {
                        "properties": {
                          "id": {
                            "nullable": false,
                            "type": "integer",
                          },
                          "slug": {
                            "nullable": false,
                            "type": "string",
                          },
                        },
                        "required": [
                          "id",
                          "slug",
                        ],
                        "type": "object",
                      },
                      "type": "array",
                    },
                    "page": {
                      "type": "integer",
                    },
                    "pageSize": {
                      "type": "integer",
                    },
                    "totalCount": {
                      "type": "integer",
                    },
                    "totalPages": {
                      "type": "integer",
                    },
                  },
                  "required": [
                    "page",
                    "pageSize",
                    "totalPages",
                    "totalCount",
                    "data",
                  ],
                  "type": "object",
                },
              },
            },
            "description": "Successful response",
          },
        },
        "tags": [
          "Test",
        ],
      },
      "post": {
        "parameters": [],
        "requestBody": {
          "content": {
            "application/json": {
              "schema": {
                "properties": {
                  "slug": {
                    "type": "string",
                  },
                },
                "required": [
                  "slug",
                ],
                "type": "object",
              },
            },
          },
        },
        "responses": {
          "200": {
            "content": {
              "application/json": {
                "schema": {
                  "properties": {
                    "id": {
                      "nullable": false,
                      "type": "integer",
                    },
                    "slug": {
                      "nullable": false,
                      "type": "string",
                    },
                  },
                  "required": [
                    "id",
                    "slug",
                  ],
                  "type": "object",
                },
              },
            },
            "description": "Successful response",
          },
          "400": {
            "content": {
              "application/json": {
                "schema": {
                  "properties": {
                    "code": {
                      "enum": [
                        "ERROR_CODE_VALIDATION",
                      ],
                      "type": "string",
                    },
                    "data": {
                      "type": "object",
                    },
                    "message": {
                      "enum": [
                        "Validation error",
                      ],
                      "type": "string",
                    },
                  },
                  "type": "object",
                },
              },
            },
            "description": "Validation error",
          },
        },
        "tags": [
          "Test",
        ],
      },
    },
    "/api/test/org/{org_slug}": {
      "delete": {
        "parameters": [
          {
            "in": "path",
            "name": "org_slug",
            "required": true,
            "schema": {
              "type": "string",
            },
          },
        ],
        "responses": {
          "204": {
            "description": "Successful response",
          },
          "401": {
            "content": {
              "application/json": {
                "schema": {
                  "properties": {
                    "message": {
                      "enum": [
                        "ERROR_CODE_UNAUTHENTICATED",
                      ],
                      "type": "string",
                    },
                  },
                  "type": "object",
                },
              },
            },
            "description": "Unauthenticated",
          },
          "403": {
            "content": {
              "application/json": {
                "schema": {
                  "properties": {
                    "message": {
                      "enum": [
                        "ERROR_CODE_FORBIDDEN",
                      ],
                      "type": "string",
                    },
                  },
                  "type": "object",
                },
              },
            },
            "description": "Unauthorized",
          },
          "404": {
            "content": {
              "application/json": {
                "schema": {
                  "properties": {
                    "message": {
                      "enum": [
                        "ERROR_CODE_RESOURCE_NOT_FOUND",
                      ],
                      "type": "string",
                    },
                  },
                  "type": "object",
                },
              },
            },
            "description": "Resource not found",
          },
        },
        "security": [
          {
            "bearerAuth": [],
          },
        ],
        "tags": [
          "Test",
        ],
      },
      "get": {
        "parameters": [
          {
            "in": "path",
            "name": "org_slug",
            "required": true,
            "schema": {
              "type": "string",
            },
          },
        ],
        "responses": {
          "200": {
            "content": {
              "application/json": {
                "schema": {
                  "properties": {
                    "id": {
                      "nullable": false,
                      "type": "integer",
                    },
                    "slug": {
                      "nullable": false,
                      "type": "string",
                    },
                  },
                  "required": [
                    "id",
                    "slug",
                  ],
                  "type": "object",
                },
              },
            },
            "description": "Successful response",
          },
          "401": {
            "content": {
              "application/json": {
                "schema": {
                  "properties": {
                    "message": {
                      "enum": [
                        "ERROR_CODE_UNAUTHENTICATED",
                      ],
                      "type": "string",
                    },
                  },
                  "type": "object",
                },
              },
            },
            "description": "Unauthenticated",
          },
          "404": {
            "content": {
              "application/json": {
                "schema": {
                  "properties": {
                    "message": {
                      "enum": [
                        "ERROR_CODE_RESOURCE_NOT_FOUND",
                      ],
                      "type": "string",
                    },
                  },
                  "type": "object",
                },
              },
            },
            "description": "Resource not found",
          },
        },
        "security": [
          {
            "bearerAuth": [],
          },
        ],
        "tags": [
          "Test",
        ],
      },
      "patch": {
        "parameters": [
          {
            "in": "path",
            "name": "org_slug",
            "required": true,
            "schema": {
              "type": "string",
            },
          },
        ],
        "requestBody": {
          "content": {
            "application/json": {
              "schema": {
                "properties": {
                  "slug": {
                    "type": "string",
                  },
                },
                "required": [
                  "slug",
                ],
                "type": "object",
              },
            },
          },
        },
        "responses": {
          "200": {
            "content": {
              "application/json": {
                "schema": {
                  "properties": {
                    "id": {
                      "nullable": false,
                      "type": "integer",
                    },
                    "slug": {
                      "nullable": false,
                      "type": "string",
                    },
                  },
                  "required": [
                    "id",
                    "slug",
                  ],
                  "type": "object",
                },
              },
            },
            "description": "Successful response",
          },
          "400": {
            "content": {
              "application/json": {
                "schema": {
                  "properties": {
                    "code": {
                      "enum": [
                        "ERROR_CODE_VALIDATION",
                      ],
                      "type": "string",
                    },
                    "data": {
                      "type": "object",
                    },
                    "message": {
                      "enum": [
                        "Validation error",
                      ],
                      "type": "string",
                    },
                  },
                  "type": "object",
                },
              },
            },
            "description": "Validation error",
          },
          "403": {
            "content": {
              "application/json": {
                "schema": {
                  "properties": {
                    "message": {
                      "enum": [
                        "ERROR_CODE_FORBIDDEN",
                      ],
                      "type": "string",
                    },
                  },
                  "type": "object",
                },
              },
            },
            "description": "Unauthorized",
          },
          "404": {
            "content": {
              "application/json": {
                "schema": {
                  "properties": {
                    "message": {
                      "enum": [
                        "ERROR_CODE_RESOURCE_NOT_FOUND",
                      ],
                      "type": "string",
                    },
                  },
                  "type": "object",
                },
              },
            },
            "description": "Resource not found",
          },
        },
        "security": [
          {
            "bearerAuth": [],
          },
        ],
        "tags": [
          "Test",
        ],
      },
    },
    "/api/test/org/{org_slug}/repos": {
      "get": {
        "parameters": [
          {
            "in": "path",
            "name": "org_slug",
            "required": true,
            "schema": {
              "type": "string",
            },
          },
          {
            "in": "query",
            "name": "pageSize",
            "required": false,
            "schema": {
              "type": "integer",
            },
          },
          {
            "in": "query",
            "name": "page",
            "required": false,
            "schema": {
              "type": "integer",
            },
          },
        ],
        "responses": {
          "200": {
            "content": {
              "application/json": {
                "schema": {
                  "properties": {
                    "data": {
                      "items": {
                        "properties": {
                          "id": {
                            "nullable": false,
                            "type": "integer",
                          },
                          "name": {
                            "nullable": false,
                            "type": "string",
                          },
                        },
                        "required": [
                          "id",
                          "name",
                        ],
                        "type": "object",
                      },
                      "type": "array",
                    },
                    "page": {
                      "type": "integer",
                    },
                    "pageSize": {
                      "type": "integer",
                    },
                    "totalCount": {
                      "type": "integer",
                    },
                    "totalPages": {
                      "type": "integer",
                    },
                  },
                  "required": [
                    "page",
                    "pageSize",
                    "totalPages",
                    "totalCount",
                    "data",
                  ],
                  "type": "object",
                },
              },
            },
            "description": "Successful response",
          },
          "404": {
            "content": {
              "application/json": {
                "schema": {
                  "properties": {
                    "message": {
                      "enum": [
                        "ERROR_CODE_RESOURCE_NOT_FOUND",
                      ],
                      "type": "string",
                    },
                  },
                  "type": "object",
                },
              },
            },
            "description": "Resource not found",
          },
        },
        "tags": [
          "Test",
        ],
      },
      "post": {
        "parameters": [
          {
            "in": "path",
            "name": "org_slug",
            "required": true,
            "schema": {
              "type": "string",
            },
          },
        ],
        "requestBody": {
          "content": {
            "application/json": {
              "schema": {
                "properties": {
                  "name": {
                    "type": "string",
                  },
                },
                "required": [
                  "name",
                ],
                "type": "object",
              },
            },
          },
        },
        "responses": {
          "200": {
            "content": {
              "application/json": {
                "schema": {
                  "properties": {
                    "id": {
                      "nullable": false,
                      "type": "integer",
                    },
                    "name": {
                      "nullable": false,
                      "type": "string",
                    },
                  },
                  "required": [
                    "id",
                    "name",
                  ],
                  "type": "object",
                },
              },
            },
            "description": "Successful response",
          },
          "400": {
            "content": {
              "application/json": {
                "schema": {
                  "properties": {
                    "code": {
                      "enum": [
                        "ERROR_CODE_VALIDATION",
                      ],
                      "type": "string",
                    },
                    "data": {
                      "type": "object",
                    },
                    "message": {
                      "enum": [
                        "Validation error",
                      ],
                      "type": "string",
                    },
                  },
                  "type": "object",
                },
              },
            },
            "description": "Validation error",
          },
          "404": {
            "content": {
              "application/json": {
                "schema": {
                  "properties": {
                    "message": {
                      "enum": [
                        "ERROR_CODE_RESOURCE_NOT_FOUND",
                      ],
                      "type": "string",
                    },
                  },
                  "type": "object",
                },
              },
            },
            "description": "Resource not found",
          },
        },
        "tags": [
          "Test",
        ],
      },
    },
    "/api/test/org/{org_slug}/repos/{repo_id}": {
      "delete": {
        "parameters": [
          {
            "in": "path",
            "name": "org_slug",
            "required": true,
            "schema": {
              "type": "string",
            },
          },
          {
            "in": "path",
            "name": "repo_id",
            "required": true,
            "schema": {
              "type": "integer",
            },
          },
        ],
        "responses": {
          "204": {
            "description": "Successful response",
          },
          "404": {
            "content": {
              "application/json": {
                "schema": {
                  "properties": {
                    "message": {
                      "enum": [
                        "ERROR_CODE_RESOURCE_NOT_FOUND",
                      ],
                      "type": "string",
                    },
                  },
                  "type": "object",
                },
              },
            },
            "description": "Resource not found",
          },
        },
        "tags": [
          "Test",
        ],
      },
      "get": {
        "parameters": [
          {
            "in": "path",
            "name": "org_slug",
            "required": true,
            "schema": {
              "type": "string",
            },
          },
          {
            "in": "path",
            "name": "repo_id",
            "required": true,
            "schema": {
              "type": "integer",
            },
          },
        ],
        "responses": {
          "200": {
            "content": {
              "application/json": {
                "schema": {
                  "properties": {
                    "id": {
                      "nullable": false,
                      "type": "integer",
                    },
                    "name": {
                      "nullable": false,
                      "type": "string",
                    },
                  },
                  "required": [
                    "id",
                    "name",
                  ],
                  "type": "object",
                },
              },
            },
            "description": "Successful response",
          },
          "404": {
            "content": {
              "application/json": {
                "schema": {
                  "properties": {
                    "message": {
                      "enum": [
                        "ERROR_CODE_RESOURCE_NOT_FOUND",
                      ],
                      "type": "string",
                    },
                  },
                  "type": "object",
                },
              },
            },
            "description": "Resource not found",
          },
        },
        "tags": [
          "Test",
        ],
      },
      "patch": {
        "parameters": [
          {
            "in": "path",
            "name": "org_slug",
            "required": true,
            "schema": {
              "type": "string",
            },
          },
          {
            "in": "path",
            "name": "repo_id",
            "required": true,
            "schema": {
              "type": "integer",
            },
          },
        ],
        "requestBody": {
          "content": {
            "application/json": {
              "schema": {
                "properties": {
                  "name": {
                    "type": "string",
                  },
                  "org_id": {
                    "type": "integer",
                  },
                },
                "required": [
                  "name",
                  "org_id",
                ],
                "type": "object",
              },
            },
          },
        },
        "responses": {
          "200": {
            "content": {
              "application/json": {
                "schema": {
                  "properties": {
                    "id": {
                      "nullable": false,
                      "type": "integer",
                    },
                    "name": {
                      "nullable": false,
                      "type": "string",
                    },
                  },
                  "required": [
                    "id",
                    "name",
                  ],
                  "type": "object",
                },
              },
            },
            "description": "Successful response",
          },
          "400": {
            "content": {
              "application/json": {
                "schema": {
                  "properties": {
                    "code": {
                      "enum": [
                        "ERROR_CODE_VALIDATION",
                      ],
                      "type": "string",
                    },
                    "data": {
                      "type": "object",
                    },
                    "message": {
                      "enum": [
                        "Validation error",
                      ],
                      "type": "string",
                    },
                  },
                  "type": "object",
                },
              },
            },
            "description": "Validation error",
          },
          "404": {
            "content": {
              "application/json": {
                "schema": {
                  "properties": {
                    "message": {
                      "enum": [
                        "ERROR_CODE_RESOURCE_NOT_FOUND",
                      ],
                      "type": "string",
                    },
                  },
                  "type": "object",
                },
              },
            },
            "description": "Resource not found",
          },
        },
        "tags": [
          "Test",
        ],
      },
    },
  },
}
`;
