// Jest Snapshot v1, https://goo.gl/fbAQLP

exports[`hooks execution runtime should execute hooks from multiple exec runtimes 1`] = `
{
  "alias": "$action_0",
  "changeset": [
    {
      "kind": "basic",
      "name": "name",
      "setter": {
        "hook": {
          "args": [
            {
              "kind": "basic",
              "name": "value",
              "setter": {
                "kind": "literal",
                "literal": {
                  "kind": "string",
                  "value": "First Last",
                },
              },
            },
            {
              "kind": "basic",
              "name": "prefix",
              "setter": {
                "kind": "literal",
                "literal": {
                  "kind": "string",
                  "value": "Mr. ",
                },
              },
            },
          ],
          "hook": {
            "file": "hooks2.js",
            "kind": "source",
            "runtimeName": "TextRuntime",
            "target": "prefix",
          },
        },
        "kind": "hook",
      },
    },
    {
      "kind": "basic",
      "name": "avg",
      "setter": {
        "hook": {
          "args": [
            {
              "kind": "basic",
              "name": "x",
              "setter": {
                "kind": "literal",
                "literal": {
                  "kind": "integer",
                  "value": 100,
                },
              },
            },
            {
              "kind": "basic",
              "name": "y",
              "setter": {
                "kind": "literal",
                "literal": {
                  "kind": "integer",
                  "value": 20,
                },
              },
            },
          ],
          "hook": {
            "file": "hooks.js",
            "kind": "source",
            "runtimeName": "MathRuntime",
            "target": "prefix",
          },
        },
        "kind": "hook",
      },
    },
  ],
  "isPrimary": true,
  "kind": "create-one",
  "model": "Result",
  "select": [
    {
      "alias": "id",
      "expr": {
        "kind": "identifier-path",
        "namePath": [
          "$action_0",
          "id",
        ],
      },
      "kind": "expression",
      "type": {
        "kind": "integer",
        "nullable": false,
      },
    },
  ],
  "targetPath": [
    "Result",
  ],
}
`;
