// Jest Snapshot v1, https://goo.gl/fbAQLP

exports[`authenticator composer resolves authenticator model implicit relations 1`] = `
{
  "fromModel": "UserProfile",
  "fromModelRefKey": "UserProfile",
  "kind": "relation",
  "modelRefKey": "AuthUser",
  "name": "userProfileUserRel",
  "refKey": "AuthUser.userProfileUserRel",
  "through": "user",
  "throughRefKey": "UserProfile.user",
  "unique": false,
}
`;

exports[`authenticator composer succeeds for simple authenticator 1`] = `
{
  "accessTokenModel": {
    "name": "AuthUserAccessToken",
    "refKey": "AuthUserAccessToken",
  },
  "authUserModel": {
    "name": "AuthUser",
    "refKey": "AuthUser",
  },
  "method": {
    "kind": "basic",
  },
  "name": "Auth",
}
`;

exports[`authenticator composer succeeds for simple authenticator 2`] = `
[
  {
    "aggregates": [],
    "computeds": [],
    "dbname": "authuser",
    "fields": [
      {
        "dbname": "id",
        "kind": "field",
        "modelRefKey": "AuthUser",
        "name": "id",
        "nullable": false,
        "primary": true,
        "refKey": "AuthUser.id",
        "type": "integer",
        "unique": true,
        "validate": undefined,
      },
      {
        "dbname": "name",
        "kind": "field",
        "modelRefKey": "AuthUser",
        "name": "name",
        "nullable": false,
        "primary": false,
        "refKey": "AuthUser.name",
        "type": "string",
        "unique": false,
        "validate": {
          "args": [
            {
              "kind": "literal",
              "literal": {
                "kind": "integer",
                "value": 1,
              },
            },
          ],
          "kind": "call",
          "validator": "minLength",
        },
      },
      {
        "dbname": "username",
        "kind": "field",
        "modelRefKey": "AuthUser",
        "name": "username",
        "nullable": false,
        "primary": false,
        "refKey": "AuthUser.username",
        "type": "string",
        "unique": true,
        "validate": {
          "args": [
            {
              "kind": "literal",
              "literal": {
                "kind": "integer",
                "value": 8,
              },
            },
          ],
          "kind": "call",
          "validator": "minLength",
        },
      },
      {
        "dbname": "passwordhash",
        "kind": "field",
        "modelRefKey": "AuthUser",
        "name": "passwordHash",
        "nullable": false,
        "primary": false,
        "refKey": "AuthUser.passwordHash",
        "type": "string",
        "unique": false,
        "validate": {
          "args": [
            {
              "kind": "literal",
              "literal": {
                "kind": "integer",
                "value": 8,
              },
            },
          ],
          "kind": "call",
          "validator": "minLength",
        },
      },
    ],
    "hooks": [],
    "kind": "model",
    "name": "AuthUser",
    "queries": [],
    "refKey": "AuthUser",
    "references": [],
    "relations": [
      {
        "fromModel": "AuthUserAccessToken",
        "fromModelRefKey": "AuthUserAccessToken",
        "kind": "relation",
        "modelRefKey": "AuthUser",
        "name": "tokens",
        "refKey": "AuthUser.tokens",
        "through": "authUser",
        "throughRefKey": "AuthUserAccessToken.authUser",
        "unique": false,
      },
    ],
  },
  {
    "aggregates": [],
    "computeds": [],
    "dbname": "authuseraccesstoken",
    "fields": [
      {
        "dbname": "id",
        "kind": "field",
        "modelRefKey": "AuthUserAccessToken",
        "name": "id",
        "nullable": false,
        "primary": true,
        "refKey": "AuthUserAccessToken.id",
        "type": "integer",
        "unique": true,
        "validate": undefined,
      },
      {
        "dbname": "token",
        "kind": "field",
        "modelRefKey": "AuthUserAccessToken",
        "name": "token",
        "nullable": false,
        "primary": false,
        "refKey": "AuthUserAccessToken.token",
        "type": "string",
        "unique": true,
        "validate": undefined,
      },
      {
        "dbname": "expirydate",
        "kind": "field",
        "modelRefKey": "AuthUserAccessToken",
        "name": "expiryDate",
        "nullable": false,
        "primary": false,
        "refKey": "AuthUserAccessToken.expiryDate",
        "type": "string",
        "unique": false,
        "validate": undefined,
      },
      {
        "dbname": "authuser_id",
        "kind": "field",
        "modelRefKey": "AuthUserAccessToken",
        "name": "authUser_id",
        "nullable": false,
        "primary": false,
        "refKey": "AuthUserAccessToken.authUser_id",
        "type": "integer",
        "unique": false,
        "validate": undefined,
      },
    ],
    "hooks": [],
    "kind": "model",
    "name": "AuthUserAccessToken",
    "queries": [],
    "refKey": "AuthUserAccessToken",
    "references": [
      {
        "fieldRefKey": "AuthUserAccessToken.authUser_id",
        "kind": "reference",
        "modelRefKey": "AuthUserAccessToken",
        "name": "authUser",
        "nullable": false,
        "onDelete": undefined,
        "refKey": "AuthUserAccessToken.authUser",
        "toModelFieldRefKey": "AuthUser.id",
        "toModelRefKey": "AuthUser",
        "unique": false,
      },
    ],
    "relations": [],
  },
]
`;

exports[`authenticator composer succeeds for simple authenticator 3`] = `
[
  {
    "endpoints": [
      {
        "actions": [
          {
            "alias": "existingAuthUser",
            "kind": "query",
            "model": "AuthUser",
            "query": {
              "filter": {
                "args": [
                  {
                    "kind": "identifier-path",
                    "namePath": [
                      "AuthUser",
                      "username",
                    ],
                  },
                  {
                    "kind": "alias-reference",
                    "path": [
                      "username",
                    ],
                    "source": "fieldset",
                  },
                ],
                "kind": "function",
                "name": "is",
              },
              "fromPath": [
                "AuthUser",
              ],
              "kind": "query",
              "limit": 1,
              "modelRefKey": "AuthUser",
              "name": "$query",
              "offset": undefined,
              "orderBy": undefined,
              "refKey": "N/A",
              "retCardinality": "one",
              "retType": "AuthUser",
              "select": [
                {
                  "alias": "passwordHash",
                  "expr": {
                    "kind": "identifier-path",
                    "namePath": [
                      "AuthUser",
                      "passwordHash",
                    ],
                  },
                  "kind": "expression",
                  "type": {
                    "kind": "string",
                    "nullable": false,
                  },
                },
                {
                  "alias": "id",
                  "expr": {
                    "kind": "identifier-path",
                    "namePath": [
                      "AuthUser",
                      "id",
                    ],
                  },
                  "kind": "expression",
                  "type": {
                    "kind": "integer",
                    "nullable": false,
                  },
                },
              ],
            },
          },
          {
            "alias": "$action_1",
            "hook": {
              "args": [
                {
                  "kind": "basic",
                  "name": "clearPassword",
                  "setter": {
                    "kind": "alias-reference",
                    "path": [
                      "password",
                    ],
                    "source": "fieldset",
                  },
                },
                {
                  "kind": "basic",
                  "name": "hashPassword",
                  "setter": {
                    "kind": "alias-reference",
                    "path": [
                      "existingAuthUser",
                      "passwordHash",
                    ],
                    "source": "aliases",
                  },
                },
              ],
              "hook": {
                "file": "hooks/actions.js",
                "kind": "source",
                "runtimeName": "@GAUDI_INTERNAL",
                "target": "authenticateUser",
              },
            },
            "kind": "execute-hook",
            "responds": false,
          },
          {
            "alias": "accessToken",
            "changeset": [
              {
                "kind": "basic",
                "name": "token",
                "setter": {
                  "args": [
                    {
                      "kind": "literal",
                      "literal": {
                        "kind": "integer",
                        "value": 32,
                      },
                    },
                  ],
                  "kind": "function",
                  "name": "cryptoToken",
                },
              },
              {
                "kind": "basic",
                "name": "expiryDate",
                "setter": {
                  "args": [
                    {
                      "args": [
                        {
                          "args": [],
                          "kind": "function",
                          "name": "now",
                        },
                        {
                          "kind": "literal",
                          "literal": {
                            "kind": "integer",
                            "value": 3600000,
                          },
                        },
                      ],
                      "kind": "function",
                      "name": "+",
                    },
                  ],
                  "kind": "function",
                  "name": "stringify",
                },
              },
              {
                "kind": "basic",
                "name": "authUser_id",
                "setter": {
                  "kind": "alias-reference",
                  "path": [
                    "existingAuthUser",
                    "id",
                  ],
                  "source": "aliases",
                },
              },
            ],
            "isPrimary": false,
            "kind": "create-one",
            "model": "AuthUserAccessToken",
            "select": [
              {
                "alias": "token",
                "expr": {
                  "kind": "identifier-path",
                  "namePath": [
                    "accessToken",
                    "token",
                  ],
                },
                "kind": "expression",
                "type": {
                  "kind": "string",
                  "nullable": false,
                },
              },
              {
                "alias": "id",
                "expr": {
                  "kind": "identifier-path",
                  "namePath": [
                    "accessToken",
                    "id",
                  ],
                },
                "kind": "expression",
                "type": {
                  "kind": "integer",
                  "nullable": false,
                },
              },
            ],
            "targetPath": [
              "AuthUserAccessToken",
            ],
          },
          {
            "alias": "$action_3",
            "hook": {
              "args": [
                {
                  "kind": "basic",
                  "name": "status",
                  "setter": {
                    "kind": "literal",
                    "literal": {
                      "kind": "integer",
                      "value": 200,
                    },
                  },
                },
                {
                  "kind": "basic",
                  "name": "body_token",
                  "setter": {
                    "kind": "alias-reference",
                    "path": [
                      "accessToken",
                      "token",
                    ],
                    "source": "aliases",
                  },
                },
              ],
              "hook": {
                "file": "hooks/actions.js",
                "kind": "source",
                "runtimeName": "@GAUDI_INTERNAL",
                "target": "sendResponse",
              },
            },
            "kind": "execute-hook",
            "responds": true,
          },
        ],
        "authSelect": [],
        "authorize": undefined,
        "fieldset": {
          "kind": "record",
          "nullable": false,
          "record": {
            "password": {
              "kind": "field",
              "nullable": false,
              "required": true,
              "type": "string",
              "validate": undefined,
            },
            "username": {
              "kind": "field",
              "nullable": false,
              "required": true,
              "type": "string",
              "validate": undefined,
            },
          },
        },
        "kind": "custom-many",
        "method": "POST",
        "parentContext": [],
        "path": "login",
        "responds": false,
        "response": undefined,
        "target": {
          "alias": "$target_0",
          "kind": "model",
          "name": "AuthUser",
          "namePath": [
            "AuthUser",
          ],
          "retType": "AuthUser",
          "select": [
            {
              "alias": "id",
              "expr": {
                "kind": "identifier-path",
                "namePath": [
                  "AuthUser",
                  "id",
                ],
              },
              "kind": "expression",
              "type": {
                "kind": "integer",
                "nullable": false,
              },
            },
          ],
        },
      },
      {
        "actions": [
          {
            "alias": "accessToken",
            "kind": "query",
            "model": "AuthUserAccessToken",
            "query": {
              "filter": {
                "args": [
                  {
                    "kind": "identifier-path",
                    "namePath": [
                      "AuthUserAccessToken",
                      "token",
                    ],
                  },
                  {
                    "kind": "alias-reference",
                    "path": [
                      "@requestAuthToken",
                    ],
                    "source": "aliases",
                  },
                ],
                "kind": "function",
                "name": "is",
              },
              "fromPath": [
                "AuthUserAccessToken",
              ],
              "kind": "query",
              "limit": 1,
              "modelRefKey": "AuthUserAccessToken",
              "name": "$query",
              "offset": undefined,
              "orderBy": undefined,
              "refKey": "N/A",
              "retCardinality": "one",
              "retType": "AuthUserAccessToken",
              "select": [
                {
                  "alias": "id",
                  "expr": {
                    "kind": "identifier-path",
                    "namePath": [
                      "AuthUserAccessToken",
                      "id",
                    ],
                  },
                  "kind": "expression",
                  "type": {
                    "kind": "integer",
                    "nullable": false,
                  },
                },
              ],
            },
          },
          {
            "kind": "delete-one",
            "model": "AuthUserAccessToken",
            "targetPath": [
              "accessToken",
            ],
          },
          {
            "alias": "$action_2",
            "hook": {
              "args": [
                {
                  "kind": "basic",
                  "name": "status",
                  "setter": {
                    "kind": "literal",
                    "literal": {
                      "kind": "integer",
                      "value": 204,
                    },
                  },
                },
              ],
              "hook": {
                "file": "hooks/actions.js",
                "kind": "source",
                "runtimeName": "@GAUDI_INTERNAL",
                "target": "sendResponse",
              },
            },
            "kind": "execute-hook",
            "responds": true,
          },
        ],
        "authSelect": [],
        "authorize": undefined,
        "fieldset": undefined,
        "kind": "custom-many",
        "method": "POST",
        "parentContext": [],
        "path": "logout",
        "responds": false,
        "response": undefined,
        "target": {
          "alias": "$target_0",
          "kind": "model",
          "name": "AuthUser",
          "namePath": [
            "AuthUser",
          ],
          "retType": "AuthUser",
          "select": [
            {
              "alias": "id",
              "expr": {
                "kind": "identifier-path",
                "namePath": [
                  "AuthUser",
                  "id",
                ],
              },
              "kind": "expression",
              "type": {
                "kind": "integer",
                "nullable": false,
              },
            },
          ],
        },
      },
      {
        "actions": [
          {
            "alias": "authUser",
            "changeset": [
              {
                "fieldsetPath": [
                  "authUser",
                  "name",
                ],
                "kind": "input",
                "name": "name",
                "setter": {
                  "kind": "alias-reference",
                  "path": [
                    "authUser",
                    "name",
                  ],
                  "source": "fieldset",
                },
                "validate": undefined,
              },
              {
                "fieldsetPath": [
                  "authUser",
                  "username",
                ],
                "kind": "input",
                "name": "username",
                "setter": {
                  "kind": "alias-reference",
                  "path": [
                    "authUser",
                    "username",
                  ],
                  "source": "fieldset",
                },
                "validate": undefined,
              },
              {
                "kind": "basic",
                "name": "passwordHash",
                "setter": {
                  "args": [
                    {
                      "kind": "alias-reference",
                      "path": [
                        "password",
                      ],
                      "source": "fieldset",
                    },
                    {
                      "kind": "literal",
                      "literal": {
                        "kind": "integer",
                        "value": 10,
                      },
                    },
                  ],
                  "kind": "function",
                  "name": "cryptoHash",
                },
              },
            ],
            "isPrimary": false,
            "kind": "create-one",
            "model": "AuthUser",
            "select": [
              {
                "alias": "id",
                "expr": {
                  "kind": "identifier-path",
                  "namePath": [
                    "authUser",
                    "id",
                  ],
                },
                "kind": "expression",
                "type": {
                  "kind": "integer",
                  "nullable": false,
                },
              },
              {
                "alias": "name",
                "expr": {
                  "kind": "identifier-path",
                  "namePath": [
                    "authUser",
                    "name",
                  ],
                },
                "kind": "expression",
                "type": {
                  "kind": "string",
                  "nullable": false,
                },
              },
              {
                "alias": "username",
                "expr": {
                  "kind": "identifier-path",
                  "namePath": [
                    "authUser",
                    "username",
                  ],
                },
                "kind": "expression",
                "type": {
                  "kind": "string",
                  "nullable": false,
                },
              },
            ],
            "targetPath": [
              "AuthUser",
            ],
          },
          {
            "alias": "$action_1",
            "hook": {
              "args": [
                {
                  "kind": "basic",
                  "name": "status",
                  "setter": {
                    "kind": "literal",
                    "literal": {
                      "kind": "integer",
                      "value": 201,
                    },
                  },
                },
                {
                  "kind": "basic",
                  "name": "body_id",
                  "setter": {
                    "kind": "alias-reference",
                    "path": [
                      "authUser",
                      "id",
                    ],
                    "source": "aliases",
                  },
                },
                {
                  "kind": "basic",
                  "name": "body_name",
                  "setter": {
                    "kind": "alias-reference",
                    "path": [
                      "authUser",
                      "name",
                    ],
                    "source": "aliases",
                  },
                },
                {
                  "kind": "basic",
                  "name": "body_username",
                  "setter": {
                    "kind": "alias-reference",
                    "path": [
                      "authUser",
                      "username",
                    ],
                    "source": "aliases",
                  },
                },
              ],
              "hook": {
                "file": "hooks/actions.js",
                "kind": "source",
                "runtimeName": "@GAUDI_INTERNAL",
                "target": "sendResponse",
              },
            },
            "kind": "execute-hook",
            "responds": true,
          },
        ],
        "authSelect": [],
        "authorize": undefined,
        "fieldset": {
          "kind": "record",
          "nullable": false,
          "record": {
            "authUser": {
              "kind": "record",
              "nullable": false,
              "record": {
                "name": {
                  "kind": "field",
                  "nullable": false,
                  "required": true,
                  "type": "string",
                  "validate": {
                    "args": [
                      {
                        "kind": "literal",
                        "literal": {
                          "kind": "integer",
                          "value": 1,
                        },
                      },
                    ],
                    "kind": "call",
                    "validator": "minLength",
                  },
                },
                "username": {
                  "kind": "field",
                  "nullable": false,
                  "required": true,
                  "type": "string",
                  "validate": {
                    "args": [
                      {
                        "kind": "literal",
                        "literal": {
                          "kind": "integer",
                          "value": 8,
                        },
                      },
                    ],
                    "kind": "call",
                    "validator": "minLength",
                  },
                },
              },
            },
            "password": {
              "kind": "field",
              "nullable": false,
              "required": true,
              "type": "string",
              "validate": {
                "args": [
                  {
                    "kind": "literal",
                    "literal": {
                      "kind": "integer",
                      "value": 8,
                    },
                  },
                ],
                "kind": "call",
                "validator": "minLength",
              },
            },
          },
        },
        "kind": "custom-many",
        "method": "POST",
        "parentContext": [],
        "path": "register",
        "responds": false,
        "response": undefined,
        "target": {
          "alias": "$target_0",
          "kind": "model",
          "name": "AuthUser",
          "namePath": [
            "AuthUser",
          ],
          "retType": "AuthUser",
          "select": [
            {
              "alias": "id",
              "expr": {
                "kind": "identifier-path",
                "namePath": [
                  "AuthUser",
                  "id",
                ],
              },
              "kind": "expression",
              "type": {
                "kind": "integer",
                "nullable": false,
              },
            },
          ],
        },
      },
    ],
    "entrypoints": [],
    "name": "",
    "target": {
      "alias": "$target_0",
      "identifyWith": {
        "paramName": "authuser_id",
        "path": [
          "id",
        ],
        "type": "integer",
      },
      "kind": "model",
      "name": "AuthUser",
      "namePath": [
        "AuthUser",
      ],
      "retType": "AuthUser",
    },
  },
]
`;
