// Jest Snapshot v1, https://goo.gl/fbAQLP

exports[`runtime validation validation fieldset 1`] = `
ObjectSchema {
  "_blacklist": ReferenceSet {
    "list": Set {},
    "refs": Map {},
  },
  "_blacklistError": undefined,
  "_excludedEdges": [],
  "_nodes": [
    "subrecord",
    "something",
    "required",
    "optional",
  ],
  "_sortErrors": [Function],
  "_typeError": [Function],
  "_whitelist": ReferenceSet {
    "list": Set {},
    "refs": Map {},
  },
  "_whitelistError": undefined,
  "conditions": [],
  "deps": [],
  "exclusiveTests": {},
  "fields": {
    "optional": NumberSchema {
      "_blacklist": ReferenceSet {
        "list": Set {},
        "refs": Map {},
      },
      "_mutate": undefined,
      "_typeError": [Function],
      "_whitelist": ReferenceSet {
        "list": Set {},
        "refs": Map {},
      },
      "conditions": [],
      "deps": [],
      "exclusiveTests": {},
      "spec": {
        "abortEarly": true,
        "nullable": false,
        "presence": "optional",
        "recursive": true,
        "strict": false,
        "strip": false,
      },
      "tests": [],
      "transforms": [
        [Function],
      ],
      "type": "number",
    },
    "required": StringSchema {
      "_blacklist": ReferenceSet {
        "list": Set {},
        "refs": Map {},
      },
      "_blacklistError": undefined,
      "_mutate": undefined,
      "_typeError": [Function],
      "_whitelist": ReferenceSet {
        "list": Set {},
        "refs": Map {},
      },
      "_whitelistError": undefined,
      "conditions": [],
      "deps": [],
      "exclusiveTests": {
        "required": true,
      },
      "spec": {
        "abortEarly": true,
        "nullable": false,
        "presence": "required",
        "recursive": true,
        "strict": false,
        "strip": false,
      },
      "tests": [
        [Function],
      ],
      "transforms": [
        [Function],
      ],
      "type": "string",
    },
    "something": BooleanSchema {
      "_blacklist": ReferenceSet {
        "list": Set {},
        "refs": Map {},
      },
      "_blacklistError": undefined,
      "_mutate": undefined,
      "_typeError": [Function],
      "_whitelist": ReferenceSet {
        "list": Set {},
        "refs": Map {},
      },
      "_whitelistError": undefined,
      "conditions": [],
      "deps": [],
      "exclusiveTests": {
        "required": true,
      },
      "spec": {
        "abortEarly": true,
        "nullable": false,
        "presence": "required",
        "recursive": true,
        "strict": false,
        "strip": false,
      },
      "tests": [
        [Function],
      ],
      "transforms": [
        [Function],
      ],
      "type": "boolean",
    },
    "subrecord": ObjectSchema {
      "_blacklist": ReferenceSet {
        "list": Set {},
        "refs": Map {},
      },
      "_blacklistError": undefined,
      "_excludedEdges": [],
      "_nodes": [
        "prop",
      ],
      "_sortErrors": [Function],
      "_typeError": [Function],
      "_whitelist": ReferenceSet {
        "list": Set {},
        "refs": Map {},
      },
      "_whitelistError": undefined,
      "conditions": [],
      "deps": [],
      "exclusiveTests": {},
      "fields": {
        "prop": StringSchema {
          "_blacklist": ReferenceSet {
            "list": Set {},
            "refs": Map {},
          },
          "_blacklistError": undefined,
          "_mutate": undefined,
          "_typeError": [Function],
          "_whitelist": ReferenceSet {
            "list": Set {},
            "refs": Map {},
          },
          "_whitelistError": undefined,
          "conditions": [],
          "deps": [],
          "exclusiveTests": {
            "required": true,
          },
          "spec": {
            "abortEarly": true,
            "nullable": false,
            "presence": "required",
            "recursive": true,
            "strict": false,
            "strip": false,
          },
          "tests": [
            [Function],
          ],
          "transforms": [
            [Function],
          ],
          "type": "string",
        },
      },
      "spec": {
        "abortEarly": true,
        "nullable": false,
        "presence": "optional",
        "recursive": true,
        "strict": false,
        "strip": false,
      },
      "tests": [],
      "transforms": [
        [Function],
      ],
      "type": "object",
    },
  },
  "spec": {
    "abortEarly": true,
    "nullable": false,
    "presence": "optional",
    "recursive": true,
    "strict": false,
    "strip": false,
  },
  "tests": [],
  "transforms": [
    [Function],
  ],
  "type": "object",
}
`;
